// 同步 ID: 153775d8 @ Fri Jul 24 07:38:30 UTC 2026
// 同步 ID: 81536f1c @ Fri Jul 24 09:52:30 UTC 2026
// 同步 ID: 3814e808 @ Fri Jul 24 12:27:10 UTC 2026
// 重构日志: 4b3cdeba
// 重构日志: 5a2b7735
// 同步 ID: 1a301633 @ Sun Jul 26 12:15:03 UTC 2026
// 同步 ID: e738eb39 @ Mon Jul 27 04:40:16 UTC 2026
// 重构日志: 85fdf6c8
// 同步 ID: 54e19131 @ Tue Jul 28 10:38:52 UTC 2026
// 同步 ID: cd50027b @ Tue Jul 28 12:52:31 UTC 2026
// 同步 ID: 3e5d6ffb @ Tue Jul 28 15:24:00 UTC 2026
// 重构日志: aea7adcb
// 重构日志: 56c2928c
// 重构日志: 5847aa52
// 重构日志: 2533713a
// 重构日志: 3f106a54
// 重构日志: b1e555b2
// 重构日志: 25e20cf1
// 重构日志: 8624f1d8
// 同步 ID: 58bbacdf @ Sun Aug  2 23:25:26 UTC 2026
// 同步 ID: 079f2fbb @ Mon Aug  3 04:54:26 UTC 2026
// 同步 ID: 22cd8c3a @ Mon Aug  3 15:27:24 UTC 2026
// 同步 ID: 5b13b812 @ Mon Aug  3 17:45:24 UTC 2026
// 重构日志: 9857232d
// 重构日志: 89aa04ca
// 同步 ID: 151d80ff @ Wed Aug  5 10:51:30 UTC 2026
// 同步 ID: 69147edd @ Wed Aug  5 13:00:19 UTC 2026
// 同步 ID: fa02507f @ Wed Aug  5 16:54:22 UTC 2026
// 重构日志: b6903580
// 同步 ID: ce11925e @ Thu Aug  6 16:10:54 UTC 2026
// 重构日志: 03b8aa12
// 重构日志: 1fc9e8e6
